// Jest Snapshot v1, https://goo.gl/fbAQLP

exports[`renders correctly 1`] = `"[object Object][object Object]"`;

exports[`renders the Flatlist component 1`] = `
<RCTScrollView
  data={
    Array [
      "Item1",
      "Item2",
      "Item3",
    ]
  }
  getItem={[Function]}
  getItemCount={[Function]}
  keyExtractor={[Function]}
  onContentSizeChange={[Function]}
  onLayout={[Function]}
  onMomentumScrollBegin={[Function]}
  onMomentumScrollEnd={[Function]}
  onScroll={[Function]}
  onScrollBeginDrag={[Function]}
  onScrollEndDrag={[Function]}
  removeClippedSubviews={false}
  renderItem={[Function]}
  scrollEventThrottle={50}
  stickyHeaderIndices={Array []}
  viewabilityConfigCallbackPairs={Array []}
>
  <View>
    <View
      onLayout={[Function]}
      style={null}
    >
      <Text>
        Item1
      </Text>
    </View>
    <View
      onLayout={[Function]}
      style={null}
    >
      <Text>
        Item2
      </Text>
    </View>
    <View
      onLayout={[Function]}
      style={null}
    >
      <Text>
        Item3
      </Text>
    </View>
  </View>
</RCTScrollView>
`;
